// Jest Snapshot v1, https://goo.gl/fbAQLP

exports[`ZHome.vue has same HTML for looks preview 1`] = `
<v-layout>
    <v-flex xs12="">
        <!---->
        <!---->
    </v-flex>
</v-layout>
`;
